this is a test log
line2
